2025-02-14 11:32:41,274 [Worker-6: Loading available Gradle versions] INFO  o.e.b.c.i.u.g.PublishedGradleVersions - Gradle version information cache is up-to-date. Trying to read.
2025-02-14 11:34:13,017 [Worker-3: Loading available Gradle versions] INFO  o.e.b.c.i.u.g.PublishedGradleVersions - Gradle version information cache is up-to-date. Trying to read.
2025-02-14 11:46:09,631 [Worker-114: Loading available Gradle versions] INFO  o.e.b.c.i.u.g.PublishedGradleVersions - Gradle version information cache is up-to-date. Trying to read.
2025-02-18 08:58:36,712 [Worker-4: Loading available Gradle versions] INFO  o.e.b.c.i.u.g.PublishedGradleVersions - Gradle version information cache is out-of-date. Trying to update.
2025-02-19 08:48:58,168 [Worker-3: Loading available Gradle versions] INFO  o.e.b.c.i.u.g.PublishedGradleVersions - Gradle version information cache is up-to-date. Trying to read.
2025-02-20 08:52:31,261 [Worker-0: Loading available Gradle versions] INFO  o.e.b.c.i.u.g.PublishedGradleVersions - Gradle version information cache is out-of-date. Trying to update.
2025-02-21 09:01:26,199 [Worker-6: Loading available Gradle versions] INFO  o.e.b.c.i.u.g.PublishedGradleVersions - Gradle version information cache is out-of-date. Trying to update.
2025-02-24 09:05:04,175 [Worker-2: Loading available Gradle versions] INFO  o.e.b.c.i.u.g.PublishedGradleVersions - Gradle version information cache is out-of-date. Trying to update.
2025-02-26 08:52:48,839 [Worker-2: Loading available Gradle versions] INFO  o.e.b.c.i.u.g.PublishedGradleVersions - Gradle version information cache is out-of-date. Trying to update.
2025-02-27 08:37:53,568 [Worker-4: Loading available Gradle versions] INFO  o.e.b.c.i.u.g.PublishedGradleVersions - Gradle version information cache is up-to-date. Trying to read.
2025-02-28 08:38:09,477 [Worker-3: Loading available Gradle versions] INFO  o.e.b.c.i.u.g.PublishedGradleVersions - Gradle version information cache is out-of-date. Trying to update.
2025-03-04 09:19:24,614 [Worker-4: Loading available Gradle versions] INFO  o.e.b.c.i.u.g.PublishedGradleVersions - Gradle version information cache is out-of-date. Trying to update.
2025-03-05 08:59:53,137 [Worker-4: Loading available Gradle versions] INFO  o.e.b.c.i.u.g.PublishedGradleVersions - Gradle version information cache is up-to-date. Trying to read.
2025-03-05 09:26:54,756 [Worker-6: Loading available Gradle versions] INFO  o.e.b.c.i.u.g.PublishedGradleVersions - Gradle version information cache is out-of-date. Trying to update.
2025-03-05 19:58:34,941 [Worker-0: Loading available Gradle versions] INFO  o.e.b.c.i.u.g.PublishedGradleVersions - Gradle version information cache is out-of-date. Trying to update.
2025-03-06 08:52:28,158 [Worker-0: Loading available Gradle versions] INFO  o.e.b.c.i.u.g.PublishedGradleVersions - Gradle version information cache is up-to-date. Trying to read.
2025-03-07 09:02:12,172 [Worker-4: Loading available Gradle versions] INFO  o.e.b.c.i.u.g.PublishedGradleVersions - Gradle version information cache is out-of-date. Trying to update.
2025-03-07 14:02:32,485 [main] INFO  org.eclipse.jetty.util.log - Logging initialized @18035238ms to org.eclipse.jetty.util.log.Slf4jLog
2025-03-07 14:02:32,612 [main] INFO  org.eclipse.jetty.server.Server - jetty-9.4.27.v20200227; built: 2020-03-02T14:40:42.212Z; git: a304fd9f351f337e7c0e2a7c28878dd536149c6c; jvm 1.8.0_401-b10
2025-03-07 14:02:32,616 [main] INFO  org.eclipse.jetty.server.session - DefaultSessionIdManager workerName=node0
2025-03-07 14:02:32,616 [main] INFO  org.eclipse.jetty.server.session - No SessionScavenger set, using defaults
2025-03-07 14:02:32,616 [main] INFO  org.eclipse.jetty.server.session - node0 Scavenging every 660000ms
2025-03-07 14:02:32,636 [main] INFO  o.e.j.server.handler.ContextHandler - Started o.e.j.s.ServletContextHandler@62d08303{/wse,null,AVAILABLE}
2025-03-07 14:02:32,648 [main] INFO  o.e.jetty.server.AbstractConnector - Started ServerConnector@377f4c61{HTTP/1.1, (http/1.1)}{0.0.0.0:63702}
2025-03-07 14:02:32,648 [main] INFO  org.eclipse.jetty.server.Server - Started @18035402ms
2025-03-07 14:02:32,648 [main] INFO  org.eclipse.jetty.server.session - node0 Scavenging every 726000ms
2025-03-07 14:50:44,181 [Framework stop] INFO  o.e.jetty.server.AbstractConnector - Stopped ServerConnector@377f4c61{HTTP/1.1, (http/1.1)}{0.0.0.0:0}
2025-03-07 14:50:44,181 [Framework stop] INFO  org.eclipse.jetty.server.session - node0 Stopped scavenging
2025-03-07 14:50:44,193 [Framework stop] INFO  o.e.j.server.handler.ContextHandler - Stopped o.e.j.s.ServletContextHandler@62d08303{/wse,null,UNAVAILABLE}
